// Jest Snapshot v1, https://goo.gl/fbAQLP

exports[`GoogleClassroomMini component should render 1`] = `
<div
  className="mini_container col-md-4 col-sm-5 text-center"
>
  <div
    className="mini_content"
  >
    <div
      className="resources-container google-classroom-announcement"
    >
      <h4>
        Google Classroom Announcement
      </h4>
      <img
        src="/images/google_classroom_icon.png"
      />
      <p>
        Your students can now use Clever or Google Classroom to automatically join your classroom.
      </p>
      <span>
        <a
          href="https://medium.com/@quill/we-re-now-supporting-google-classroom-and-clever-55f2c12272f7#.xfrtabflg"
        >
          Read the Announcement &gt;
        </a>
      </span>
    </div>
  </div>
</div>
`;
