// Jest Snapshot v1, https://goo.gl/fbAQLP

exports[`TeacherResourcesMini component should render 1`] = `
<div
  className="mini_container col-md-4 col-sm-5 text-center"
>
  <div
    className="mini_content"
  >
    <div
      className="resources-container"
      onClick={[Function]}
    >
      <h4>
        Teacher Center
      </h4>
      <img
        src="/teacher_resources_icons.png"
      />
      <p>
        Introduce fellow educators to Quill with presentations, guides, and videos.
      </p>
    </div>
  </div>
</div>
`;
