// Jest Snapshot v1, https://goo.gl/fbAQLP

exports[`VideoMini component should render 1`] = `
<div
  className="mini_container  col-md-4 col-sm-5 text-center"
>
  <div
    className="mini_content"
  >
    <div
      className="video-container"
    >
      <h4>
        Building Better Writers
      </h4>
      <iframe
        allowFullScreen={true}
        frameBorder="0"
        height="168"
        src="https://www.youtube.com/embed/dQw4w9WgXcQ?&theme=light&autohide=2&showinfo=0"
        width="298"
      />
      <p>
        An overview of how Quill works.
      </p>
    </div>
  </div>
</div>
`;
