// Jest Snapshot v1, https://goo.gl/fbAQLP

exports[`<PlayGrammarContainer /> should render 1`] = `
ShallowWrapper {
  "length": 1,
  Symbol(enzyme.__root__): [Circular],
  Symbol(enzyme.__unrendered__): <PlayGrammarContainer
    conceptsFeedback={
      Object {
        "data": Object {},
        "hasreceiveddata": false,
        "newConceptModalOpen": false,
        "states": Object {},
        "submittingnew": false,
      }
    }
    dispatch={[Function]}
    grammarActivities={
      Object {
        "currentActivity": Object {
          "concepts": Object {
            "1ohLyApTz7lZ3JszrA98Xg": Object {
              "quantity": 9,
            },
          },
          "description": "Write nine sentences using parallel structure.",
          "title": "Parallel Structure",
        },
        "hasreceiveddata": true,
      }
    }
    session={
      Object {
        "answeredQuestions": Array [],
        "currentQuestion": Object {
          "answers": Array [
            Object {
              "text": "The team stretched their legs, {practiced} their drills, and then rehearsed their set plays.",
            },
          ],
          "attempts": Array [],
          "concept_uid": "1ohLyApTz7lZ3JszrA98Xg",
          "instructions": "Rewrite the sentence so that it has proper parallel structure.",
          "prompt": "The team stretched their legs, practice their drills, and then rehearsed their set plays.",
          "rule_description": "<b>Correct:</b> I laughed, I cried, and I shouted during the performance.
<b>Incorrect:</b> I laughed, I was crying, and I shout during the performance.
Sentences flow easily when all the actions in a list have the same ending. This means that each and every action in a list stays in the past, present, or future tense.",
          "uid": "-Jzw0qjO5owyFPUAwDGx",
        },
        "hasreceiveddata": true,
        "unansweredQuestions": Array [
          Object {
            "answers": Array [
              Object {
                "text": "I prefer {reading the book than watching the movie adaptation}.",
              },
            ],
            "concept_uid": "1ohLyApTz7lZ3JszrA98Xg",
            "instructions": "Rewrite the sentence with the correct parallel structure.",
            "prompt": "I prefer <u>reading the book than to watch the movie adaptation</u>.",
            "rule_description": "<b>Correct: </b> I laughed, I cried, and I shouted during the performance.
<b>Incorrect: </b> I laughed, I was crying, and I shout during the performance.
Sentences flow easily when all the actions in a list have the same ending. This means that each and every action in a list stays in the past, present, or future tense.",
            "uid": "-KAg9xwXu4o93MS_0NjR",
          },
          Object {
            "answers": Array [
              Object {
                "text": "The crossing guard {was holding out his stop sign and ushering} students across the street.",
              },
            ],
            "concept_uid": "1ohLyApTz7lZ3JszrA98Xg",
            "instructions": "Rewrite the sentence with the correct parallel structure.",
            "prompt": "The crossing guard <u>was holding out his stop sign and ushered</u> students across the street.",
            "rule_description": "<b>Correct:</b> I laughed, I cried, and I shouted during the performance.
<b>Incorrect:</b> I laughed, I was crying, and I shout during the performance.
Sentences flow easily when all the actions in a list have the same ending. This means that each and every action in a list stays in the past, present, or future tense.",
            "uid": "-KAg9y8hvHU0-OXp1Buq",
          },
          Object {
            "answers": Array [
              Object {
                "text": "On my vacation to Universal Studios, I will {ride roller coasters and play carnival games}.",
              },
            ],
            "concept_uid": "1ohLyApTz7lZ3JszrA98Xg",
            "instructions": "Rewrite the sentence with the correct parallel structure.",
            "prompt": "On my vacation to Universal Studios, I will <u>ride roller coasters and playing carnival games</u>.",
            "rule_description": "<b>Correct:</b> I laughed, I cried, and I shouted during the performance.
<b>Incorrect:</b> I laughed, I was crying, and I shout during the performance.
Sentences flow easily when all the actions in a list have the same ending. This means that each and every action in a list stays in the past, present, or future tense.",
            "uid": "-KAg9yDOc5nKBI-kEeHI",
          },
          Object {
            "answers": Array [
              Object {
                "text": "Shannon loves to play the flute, march in the band, and {watch} the football games.",
              },
              Object {
                "text": "Shannon loves {playing the flute, marching in the band, and} watching the football games.",
              },
            ],
            "concept_uid": "1ohLyApTz7lZ3JszrA98Xg",
            "instructions": "Rewrite the sentence so that it has proper parallel structure.",
            "prompt": "Shannon loves to play the flute, march in the band, and watching the football games.",
            "rule_description": "<b>Correct:</b> I laughed, I cried, and I shouted during the performance.
<b>Incorrect:</b> I laughed, I was crying, and I shout during the performance.
Sentences flow easily when all the actions in a list have the same ending. This means that each and every action in a list stays in the past, present, or future tense.",
            "uid": "-KAfz8_NHXJ2hrQZRyxU",
          },
          Object {
            "answers": Array [
              Object {
                "text": "The boss wanted to hire people who arrived on time, {smiled} at customers, and didn't take too many breaks.",
              },
            ],
            "concept_uid": "1ohLyApTz7lZ3JszrA98Xg",
            "instructions": "Rewrite the sentence so that it has proper parallel structure.",
            "prompt": "The boss wanted to hire people who arrived on time, would smile at customers, and didn't take too many breaks.",
            "rule_description": "<b>Correct:</b> I laughed, I cried, and I shouted during the performance.
<b>Incorrect:</b> I laughed, I was crying, and I shout during the performance.
Sentences flow easily when all the actions in a list have the same ending. This means that each and every action in a list stays in the past, present, or future tense.",
            "uid": "-KAfxB8z_R1vkm8-WuWY",
          },
          Object {
            "answers": Array [
              Object {
                "text": "The Rocky Mountains are a great place {for skiing, hiking, and mountain biking}.",
              },
              Object {
                "text": "The Rocky Mountains are a great place {to ski, hike, and to mountain bike}.",
              },
            ],
            "concept_uid": "1ohLyApTz7lZ3JszrA98Xg",
            "instructions": "Rewrite the sentence with the correct parallel structure.",
            "prompt": "The Rocky Mountains are a great place <u>for skiing, hiking, and to mountain bike</u>.",
            "rule_description": "<b>Correct:</b> I laughed, I cried, and I shouted during the performance.
<b>Incorrect:</b> I laughed, I was crying, and I shout during the performance.
Sentences flow easily when all the actions in a list have the same ending. This means that each and every action in a list stays in the past, present, or future tense.",
            "uid": "-KAg9yAQ_YyWuT9x4e17",
          },
          Object {
            "answers": Array [
              Object {
                "text": "During a conversation, talking is just as important as {listening}.",
              },
            ],
            "concept_uid": "1ohLyApTz7lZ3JszrA98Xg",
            "instructions": "Rewrite the sentence so that it has proper parallel structure.",
            "prompt": "During a conversation, talking is just as important as to listen.",
            "rule_description": "<b>Correct:</b> I laughed, I cried, and I shouted during the performance.
<b>Incorrect:</b> I laughed, I was crying, and I shout during the performance.
Sentences flow easily when all the actions in a list have the same ending. This means that each and every action in a list stays in the past, present, or future tense.",
            "uid": "-KAfwKGn8uN5BGLgXEDa",
          },
          Object {
            "answers": Array [
              Object {
                "text": "The teacher graded the students' work quickly, accurately, and {thoroughly.}",
              },
            ],
            "concept_uid": "1ohLyApTz7lZ3JszrA98Xg",
            "instructions": "Rewrite the sentence so that it has proper parallel structure.",
            "prompt": "The teacher graded the students' work quickly, accurately, and thorough.",
            "rule_description": "<b>Correct:</b> I laughed, I cried, and I shouted during the performance.
<b>Incorrect:</b> I laughed, I was crying, and I shout during the performance.
Sentences flow easily when all the actions in a list have the same ending. This means that each and every action in a list stays in the past, present, or future tense.",
            "uid": "-KAfwjD8pcldAXkHjxA8",
          },
        ],
      }
    }
  />,
  Symbol(enzyme.__renderer__): Object {
    "batchedUpdates": [Function],
    "getNode": [Function],
    "render": [Function],
    "simulateEvent": [Function],
    "unmount": [Function],
  },
  Symbol(enzyme.__node__): Object {
    "instance": null,
    "key": undefined,
    "nodeType": "class",
    "props": Object {
      "activity": Object {
        "concepts": Object {
          "1ohLyApTz7lZ3JszrA98Xg": Object {
            "quantity": 9,
          },
        },
        "description": "Write nine sentences using parallel structure.",
        "title": "Parallel Structure",
      },
      "answeredQuestions": Array [],
      "checkAnswer": [Function],
      "concepts": undefined,
      "conceptsFeedback": Object {
        "data": Object {},
        "hasreceiveddata": false,
        "newConceptModalOpen": false,
        "states": Object {},
        "submittingnew": false,
      },
      "currentQuestion": Object {
        "answers": Array [
          Object {
            "text": "The team stretched their legs, {practiced} their drills, and then rehearsed their set plays.",
          },
        ],
        "attempts": Array [],
        "concept_uid": "1ohLyApTz7lZ3JszrA98Xg",
        "instructions": "Rewrite the sentence so that it has proper parallel structure.",
        "prompt": "The team stretched their legs, practice their drills, and then rehearsed their set plays.",
        "rule_description": "<b>Correct:</b> I laughed, I cried, and I shouted during the performance.
<b>Incorrect:</b> I laughed, I was crying, and I shout during the performance.
Sentences flow easily when all the actions in a list have the same ending. This means that each and every action in a list stays in the past, present, or future tense.",
        "uid": "-Jzw0qjO5owyFPUAwDGx",
      },
      "goToNextQuestion": [Function],
      "unansweredQuestions": Array [
        Object {
          "answers": Array [
            Object {
              "text": "I prefer {reading the book than watching the movie adaptation}.",
            },
          ],
          "concept_uid": "1ohLyApTz7lZ3JszrA98Xg",
          "instructions": "Rewrite the sentence with the correct parallel structure.",
          "prompt": "I prefer <u>reading the book than to watch the movie adaptation</u>.",
          "rule_description": "<b>Correct: </b> I laughed, I cried, and I shouted during the performance.
<b>Incorrect: </b> I laughed, I was crying, and I shout during the performance.
Sentences flow easily when all the actions in a list have the same ending. This means that each and every action in a list stays in the past, present, or future tense.",
          "uid": "-KAg9xwXu4o93MS_0NjR",
        },
        Object {
          "answers": Array [
            Object {
              "text": "The crossing guard {was holding out his stop sign and ushering} students across the street.",
            },
          ],
          "concept_uid": "1ohLyApTz7lZ3JszrA98Xg",
          "instructions": "Rewrite the sentence with the correct parallel structure.",
          "prompt": "The crossing guard <u>was holding out his stop sign and ushered</u> students across the street.",
          "rule_description": "<b>Correct:</b> I laughed, I cried, and I shouted during the performance.
<b>Incorrect:</b> I laughed, I was crying, and I shout during the performance.
Sentences flow easily when all the actions in a list have the same ending. This means that each and every action in a list stays in the past, present, or future tense.",
          "uid": "-KAg9y8hvHU0-OXp1Buq",
        },
        Object {
          "answers": Array [
            Object {
              "text": "On my vacation to Universal Studios, I will {ride roller coasters and play carnival games}.",
            },
          ],
          "concept_uid": "1ohLyApTz7lZ3JszrA98Xg",
          "instructions": "Rewrite the sentence with the correct parallel structure.",
          "prompt": "On my vacation to Universal Studios, I will <u>ride roller coasters and playing carnival games</u>.",
          "rule_description": "<b>Correct:</b> I laughed, I cried, and I shouted during the performance.
<b>Incorrect:</b> I laughed, I was crying, and I shout during the performance.
Sentences flow easily when all the actions in a list have the same ending. This means that each and every action in a list stays in the past, present, or future tense.",
          "uid": "-KAg9yDOc5nKBI-kEeHI",
        },
        Object {
          "answers": Array [
            Object {
              "text": "Shannon loves to play the flute, march in the band, and {watch} the football games.",
            },
            Object {
              "text": "Shannon loves {playing the flute, marching in the band, and} watching the football games.",
            },
          ],
          "concept_uid": "1ohLyApTz7lZ3JszrA98Xg",
          "instructions": "Rewrite the sentence so that it has proper parallel structure.",
          "prompt": "Shannon loves to play the flute, march in the band, and watching the football games.",
          "rule_description": "<b>Correct:</b> I laughed, I cried, and I shouted during the performance.
<b>Incorrect:</b> I laughed, I was crying, and I shout during the performance.
Sentences flow easily when all the actions in a list have the same ending. This means that each and every action in a list stays in the past, present, or future tense.",
          "uid": "-KAfz8_NHXJ2hrQZRyxU",
        },
        Object {
          "answers": Array [
            Object {
              "text": "The boss wanted to hire people who arrived on time, {smiled} at customers, and didn't take too many breaks.",
            },
          ],
          "concept_uid": "1ohLyApTz7lZ3JszrA98Xg",
          "instructions": "Rewrite the sentence so that it has proper parallel structure.",
          "prompt": "The boss wanted to hire people who arrived on time, would smile at customers, and didn't take too many breaks.",
          "rule_description": "<b>Correct:</b> I laughed, I cried, and I shouted during the performance.
<b>Incorrect:</b> I laughed, I was crying, and I shout during the performance.
Sentences flow easily when all the actions in a list have the same ending. This means that each and every action in a list stays in the past, present, or future tense.",
          "uid": "-KAfxB8z_R1vkm8-WuWY",
        },
        Object {
          "answers": Array [
            Object {
              "text": "The Rocky Mountains are a great place {for skiing, hiking, and mountain biking}.",
            },
            Object {
              "text": "The Rocky Mountains are a great place {to ski, hike, and to mountain bike}.",
            },
          ],
          "concept_uid": "1ohLyApTz7lZ3JszrA98Xg",
          "instructions": "Rewrite the sentence with the correct parallel structure.",
          "prompt": "The Rocky Mountains are a great place <u>for skiing, hiking, and to mountain bike</u>.",
          "rule_description": "<b>Correct:</b> I laughed, I cried, and I shouted during the performance.
<b>Incorrect:</b> I laughed, I was crying, and I shout during the performance.
Sentences flow easily when all the actions in a list have the same ending. This means that each and every action in a list stays in the past, present, or future tense.",
          "uid": "-KAg9yAQ_YyWuT9x4e17",
        },
        Object {
          "answers": Array [
            Object {
              "text": "During a conversation, talking is just as important as {listening}.",
            },
          ],
          "concept_uid": "1ohLyApTz7lZ3JszrA98Xg",
          "instructions": "Rewrite the sentence so that it has proper parallel structure.",
          "prompt": "During a conversation, talking is just as important as to listen.",
          "rule_description": "<b>Correct:</b> I laughed, I cried, and I shouted during the performance.
<b>Incorrect:</b> I laughed, I was crying, and I shout during the performance.
Sentences flow easily when all the actions in a list have the same ending. This means that each and every action in a list stays in the past, present, or future tense.",
          "uid": "-KAfwKGn8uN5BGLgXEDa",
        },
        Object {
          "answers": Array [
            Object {
              "text": "The teacher graded the students' work quickly, accurately, and {thoroughly.}",
            },
          ],
          "concept_uid": "1ohLyApTz7lZ3JszrA98Xg",
          "instructions": "Rewrite the sentence so that it has proper parallel structure.",
          "prompt": "The teacher graded the students' work quickly, accurately, and thorough.",
          "rule_description": "<b>Correct:</b> I laughed, I cried, and I shouted during the performance.
<b>Incorrect:</b> I laughed, I was crying, and I shout during the performance.
Sentences flow easily when all the actions in a list have the same ending. This means that each and every action in a list stays in the past, present, or future tense.",
          "uid": "-KAfwjD8pcldAXkHjxA8",
        },
      ],
    },
    "ref": null,
    "rendered": null,
    "type": [Function],
  },
  Symbol(enzyme.__nodes__): Array [
    Object {
      "instance": null,
      "key": undefined,
      "nodeType": "class",
      "props": Object {
        "activity": Object {
          "concepts": Object {
            "1ohLyApTz7lZ3JszrA98Xg": Object {
              "quantity": 9,
            },
          },
          "description": "Write nine sentences using parallel structure.",
          "title": "Parallel Structure",
        },
        "answeredQuestions": Array [],
        "checkAnswer": [Function],
        "concepts": undefined,
        "conceptsFeedback": Object {
          "data": Object {},
          "hasreceiveddata": false,
          "newConceptModalOpen": false,
          "states": Object {},
          "submittingnew": false,
        },
        "currentQuestion": Object {
          "answers": Array [
            Object {
              "text": "The team stretched their legs, {practiced} their drills, and then rehearsed their set plays.",
            },
          ],
          "attempts": Array [],
          "concept_uid": "1ohLyApTz7lZ3JszrA98Xg",
          "instructions": "Rewrite the sentence so that it has proper parallel structure.",
          "prompt": "The team stretched their legs, practice their drills, and then rehearsed their set plays.",
          "rule_description": "<b>Correct:</b> I laughed, I cried, and I shouted during the performance.
<b>Incorrect:</b> I laughed, I was crying, and I shout during the performance.
Sentences flow easily when all the actions in a list have the same ending. This means that each and every action in a list stays in the past, present, or future tense.",
          "uid": "-Jzw0qjO5owyFPUAwDGx",
        },
        "goToNextQuestion": [Function],
        "unansweredQuestions": Array [
          Object {
            "answers": Array [
              Object {
                "text": "I prefer {reading the book than watching the movie adaptation}.",
              },
            ],
            "concept_uid": "1ohLyApTz7lZ3JszrA98Xg",
            "instructions": "Rewrite the sentence with the correct parallel structure.",
            "prompt": "I prefer <u>reading the book than to watch the movie adaptation</u>.",
            "rule_description": "<b>Correct: </b> I laughed, I cried, and I shouted during the performance.
<b>Incorrect: </b> I laughed, I was crying, and I shout during the performance.
Sentences flow easily when all the actions in a list have the same ending. This means that each and every action in a list stays in the past, present, or future tense.",
            "uid": "-KAg9xwXu4o93MS_0NjR",
          },
          Object {
            "answers": Array [
              Object {
                "text": "The crossing guard {was holding out his stop sign and ushering} students across the street.",
              },
            ],
            "concept_uid": "1ohLyApTz7lZ3JszrA98Xg",
            "instructions": "Rewrite the sentence with the correct parallel structure.",
            "prompt": "The crossing guard <u>was holding out his stop sign and ushered</u> students across the street.",
            "rule_description": "<b>Correct:</b> I laughed, I cried, and I shouted during the performance.
<b>Incorrect:</b> I laughed, I was crying, and I shout during the performance.
Sentences flow easily when all the actions in a list have the same ending. This means that each and every action in a list stays in the past, present, or future tense.",
            "uid": "-KAg9y8hvHU0-OXp1Buq",
          },
          Object {
            "answers": Array [
              Object {
                "text": "On my vacation to Universal Studios, I will {ride roller coasters and play carnival games}.",
              },
            ],
            "concept_uid": "1ohLyApTz7lZ3JszrA98Xg",
            "instructions": "Rewrite the sentence with the correct parallel structure.",
            "prompt": "On my vacation to Universal Studios, I will <u>ride roller coasters and playing carnival games</u>.",
            "rule_description": "<b>Correct:</b> I laughed, I cried, and I shouted during the performance.
<b>Incorrect:</b> I laughed, I was crying, and I shout during the performance.
Sentences flow easily when all the actions in a list have the same ending. This means that each and every action in a list stays in the past, present, or future tense.",
            "uid": "-KAg9yDOc5nKBI-kEeHI",
          },
          Object {
            "answers": Array [
              Object {
                "text": "Shannon loves to play the flute, march in the band, and {watch} the football games.",
              },
              Object {
                "text": "Shannon loves {playing the flute, marching in the band, and} watching the football games.",
              },
            ],
            "concept_uid": "1ohLyApTz7lZ3JszrA98Xg",
            "instructions": "Rewrite the sentence so that it has proper parallel structure.",
            "prompt": "Shannon loves to play the flute, march in the band, and watching the football games.",
            "rule_description": "<b>Correct:</b> I laughed, I cried, and I shouted during the performance.
<b>Incorrect:</b> I laughed, I was crying, and I shout during the performance.
Sentences flow easily when all the actions in a list have the same ending. This means that each and every action in a list stays in the past, present, or future tense.",
            "uid": "-KAfz8_NHXJ2hrQZRyxU",
          },
          Object {
            "answers": Array [
              Object {
                "text": "The boss wanted to hire people who arrived on time, {smiled} at customers, and didn't take too many breaks.",
              },
            ],
            "concept_uid": "1ohLyApTz7lZ3JszrA98Xg",
            "instructions": "Rewrite the sentence so that it has proper parallel structure.",
            "prompt": "The boss wanted to hire people who arrived on time, would smile at customers, and didn't take too many breaks.",
            "rule_description": "<b>Correct:</b> I laughed, I cried, and I shouted during the performance.
<b>Incorrect:</b> I laughed, I was crying, and I shout during the performance.
Sentences flow easily when all the actions in a list have the same ending. This means that each and every action in a list stays in the past, present, or future tense.",
            "uid": "-KAfxB8z_R1vkm8-WuWY",
          },
          Object {
            "answers": Array [
              Object {
                "text": "The Rocky Mountains are a great place {for skiing, hiking, and mountain biking}.",
              },
              Object {
                "text": "The Rocky Mountains are a great place {to ski, hike, and to mountain bike}.",
              },
            ],
            "concept_uid": "1ohLyApTz7lZ3JszrA98Xg",
            "instructions": "Rewrite the sentence with the correct parallel structure.",
            "prompt": "The Rocky Mountains are a great place <u>for skiing, hiking, and to mountain bike</u>.",
            "rule_description": "<b>Correct:</b> I laughed, I cried, and I shouted during the performance.
<b>Incorrect:</b> I laughed, I was crying, and I shout during the performance.
Sentences flow easily when all the actions in a list have the same ending. This means that each and every action in a list stays in the past, present, or future tense.",
            "uid": "-KAg9yAQ_YyWuT9x4e17",
          },
          Object {
            "answers": Array [
              Object {
                "text": "During a conversation, talking is just as important as {listening}.",
              },
            ],
            "concept_uid": "1ohLyApTz7lZ3JszrA98Xg",
            "instructions": "Rewrite the sentence so that it has proper parallel structure.",
            "prompt": "During a conversation, talking is just as important as to listen.",
            "rule_description": "<b>Correct:</b> I laughed, I cried, and I shouted during the performance.
<b>Incorrect:</b> I laughed, I was crying, and I shout during the performance.
Sentences flow easily when all the actions in a list have the same ending. This means that each and every action in a list stays in the past, present, or future tense.",
            "uid": "-KAfwKGn8uN5BGLgXEDa",
          },
          Object {
            "answers": Array [
              Object {
                "text": "The teacher graded the students' work quickly, accurately, and {thoroughly.}",
              },
            ],
            "concept_uid": "1ohLyApTz7lZ3JszrA98Xg",
            "instructions": "Rewrite the sentence so that it has proper parallel structure.",
            "prompt": "The teacher graded the students' work quickly, accurately, and thorough.",
            "rule_description": "<b>Correct:</b> I laughed, I cried, and I shouted during the performance.
<b>Incorrect:</b> I laughed, I was crying, and I shout during the performance.
Sentences flow easily when all the actions in a list have the same ending. This means that each and every action in a list stays in the past, present, or future tense.",
            "uid": "-KAfwjD8pcldAXkHjxA8",
          },
        ],
      },
      "ref": null,
      "rendered": null,
      "type": [Function],
    },
  ],
  Symbol(enzyme.__options__): Object {
    "adapter": ReactSixteenAdapter {
      "options": Object {
        "enableComponentDidUpdateOnSetState": true,
      },
    },
  },
}
`;
