// Jest Snapshot v1, https://goo.gl/fbAQLP

exports[`<PlayProofreaderContainer /> should render 1`] = `
ShallowWrapper {
  Symbol(enzyme.__root__): [Circular],
  Symbol(enzyme.__unrendered__): <PlayProofreaderContainer
    activityUID="KMyh3LulfVL0_KuPb8u"
    dispatch={[Function]}
    proofreaderActivities={
      Object {
        "currentActivity": Object {
          "description": "Correct the following nine errors.",
          "flag": "production",
          "passage": "Coney Island is both a neighborhood in {+Brooklyn, New York,-Brooklyn New York|1AJtvwkbBLHzYg2a4eRcBA} and an amusement park. {+There are-They’re|8NObTn-ErGu5tADF0LWxbQ} many tourist attractions at Coney Island like the Cyclone rollercoaster and the Wonder Wheel ferris wheel. Coney means rabbit. There is a theory that the island is named Coney because there was a large population of wild rabbits when the area was {+an-a|5s-r1281DV8EpHyc9qJfiw} English colony in the 1600s. The Cyclone roller coaster was built in 1927, and it is one of the few wooden roller coasters still in use in the United States. The Cyclones {+is-are|Tlhrx6Igxn6cR_SD1U5efA} also the name of the minor league baseball team that plays at the stadium in the neighborhood.  There is a  parachute jump from the 1939 {+World's-Worlds|nAcT-C3UfPFuhWcf0JJNMw} Fair still intact, and although it is no longer used, it is a landmark occasionally referred {+to-too|Oo9MdluHtJFdh5d1uL9qYQ} as the Effiel Tower of Brooklyn. The New York Aquarium is near Coney Island, just one subway stop away at a station {+called-call|IDyiKUM8LLD7Bz8ftg6p0A} West Eighth Street. The Coney Island stop is the last stop on the F line subway. <br/><br/>

Over the years, Coney Island has expanded to have a few parks with rides. There is a park called {+Astroland-astroland|YkA1YFe-dUvXqkEXxbNgQw} and another section called Luna Park that has rides for smaller kids. The boardwalk of Coney Island is thriving with food stands, including the original Nathan’s Hot Dog stand. Every year at Coney Island, Nathan’s hosts a hot dog eating contest. The winner of the contest usually  eats around 150 hot dogs in an {+extremely-extreme|Jm8fUXNgIR66RYWt51OVyQ} short period of time. Also annually at Coney Island is the Mermaid Parade, where people dress up as mermaids. The mayor of New York is always in attendance.<br/><br/>",
          "standard": Object {
            "name": "CCSS Grade 7 Summative Assessments",
            "uid": "pM3sNYWnNnWdR5YKu7lAHw",
          },
          "standardLevel": Object {
            "name": "7th Grade CCSS",
            "uid": "8g1_400wzXuijt4NB9uqtw",
          },
          "title": "Coney Island",
          "topicCategory": Object {
            "name": "Summative Assessments",
            "uid": "XSx6hcLxlSf1WKaJFWgsNA",
          },
          "underlineErrorsInProofreader": false,
        },
        "data": Object {
          "-KMyh3LulfVL0_KuPb8u": Object {
            "description": "Correct the following nine errors.",
            "flag": "production",
            "passage": "Coney Island is both a neighborhood in {+Brooklyn, New York,-Brooklyn New York|1AJtvwkbBLHzYg2a4eRcBA} and an amusement park. {+There are-They’re|8NObTn-ErGu5tADF0LWxbQ} many tourist attractions at Coney Island like the Cyclone rollercoaster and the Wonder Wheel ferris wheel. Coney means rabbit. There is a theory that the island is named Coney because there was a large population of wild rabbits when the area was {+an-a|5s-r1281DV8EpHyc9qJfiw} English colony in the 1600s. The Cyclone roller coaster was built in 1927, and it is one of the few wooden roller coasters still in use in the United States. The Cyclones {+is-are|Tlhrx6Igxn6cR_SD1U5efA} also the name of the minor league baseball team that plays at the stadium in the neighborhood.  There is a  parachute jump from the 1939 {+World's-Worlds|nAcT-C3UfPFuhWcf0JJNMw} Fair still intact, and although it is no longer used, it is a landmark occasionally referred {+to-too|Oo9MdluHtJFdh5d1uL9qYQ} as the Effiel Tower of Brooklyn. The New York Aquarium is near Coney Island, just one subway stop away at a station {+called-call|IDyiKUM8LLD7Bz8ftg6p0A} West Eighth Street. The Coney Island stop is the last stop on the F line subway. <br/><br/>

Over the years, Coney Island has expanded to have a few parks with rides. There is a park called {+Astroland-astroland|YkA1YFe-dUvXqkEXxbNgQw} and another section called Luna Park that has rides for smaller kids. The boardwalk of Coney Island is thriving with food stands, including the original Nathan’s Hot Dog stand. Every year at Coney Island, Nathan’s hosts a hot dog eating contest. The winner of the contest usually  eats around 150 hot dogs in an {+extremely-extreme|Jm8fUXNgIR66RYWt51OVyQ} short period of time. Also annually at Coney Island is the Mermaid Parade, where people dress up as mermaids. The mayor of New York is always in attendance.<br/><br/>",
            "standard": Object {
              "name": "CCSS Grade 7 Summative Assessments",
              "uid": "pM3sNYWnNnWdR5YKu7lAHw",
            },
            "standardLevel": Object {
              "name": "7th Grade CCSS",
              "uid": "8g1_400wzXuijt4NB9uqtw",
            },
            "title": "Coney Island",
            "topicCategory": Object {
              "name": "Summative Assessments",
              "uid": "XSx6hcLxlSf1WKaJFWgsNA",
            },
            "underlineErrorsInProofreader": false,
          },
        },
        "hasreceiveddata": true,
        "states": Object {},
      }
    }
    session={
      Object {
        "passage": "string",
      }
    }
  />,
  Symbol(enzyme.__renderer__): Object {
    "batchedUpdates": [Function],
    "getNode": [Function],
    "render": [Function],
    "simulateError": [Function],
    "simulateEvent": [Function],
    "unmount": [Function],
  },
  Symbol(enzyme.__node__): Object {
    "instance": null,
    "key": undefined,
    "nodeType": "host",
    "props": Object {
      "children": Array [
        <div
          className="header-section"
        >
          <div
            className="inner-header"
          >
            <h1>
              Coney Island
            </h1>
            <div
              className="instructions"
            >
              <div>
                <img
                  src="undefined/images/icons/question_icon.svg"
                />
                <p
                  dangerouslySetInnerHTML={
                    Object {
                      "__html": "Correct the following nine errors.",
                    }
                  }
                />
              </div>
              <div
                className="edits-made"
              >
                <p>
                  Edits Made: 
                  0
                   of 
                  0
                </p>
                <div
                  className="progress-bar-indication"
                >
                  <span
                    className="meter"
                    style={
                      Object {
                        "width": "0%",
                      }
                    }
                  />
                </div>
              </div>
            </div>
          </div>
        </div>,
        undefined,
        undefined,
        <div
          className="passage "
        />,
        <div
          className="bottom-section"
        >
          <button
            onClick={[Function]}
          >
            Check Work
          </button>
        </div>,
      ],
      "className": "passage-container",
    },
    "ref": null,
    "rendered": Array [
      Object {
        "instance": null,
        "key": undefined,
        "nodeType": "host",
        "props": Object {
          "children": <div
            className="inner-header"
          >
            <h1>
              Coney Island
            </h1>
            <div
              className="instructions"
            >
              <div>
                <img
                  src="undefined/images/icons/question_icon.svg"
                />
                <p
                  dangerouslySetInnerHTML={
                    Object {
                      "__html": "Correct the following nine errors.",
                    }
                  }
                />
              </div>
              <div
                className="edits-made"
              >
                <p>
                  Edits Made: 
                  0
                   of 
                  0
                </p>
                <div
                  className="progress-bar-indication"
                >
                  <span
                    className="meter"
                    style={
                      Object {
                        "width": "0%",
                      }
                    }
                  />
                </div>
              </div>
            </div>
          </div>,
          "className": "header-section",
        },
        "ref": null,
        "rendered": Object {
          "instance": null,
          "key": undefined,
          "nodeType": "host",
          "props": Object {
            "children": Array [
              <h1>
                Coney Island
              </h1>,
              <div
                className="instructions"
              >
                <div>
                  <img
                    src="undefined/images/icons/question_icon.svg"
                  />
                  <p
                    dangerouslySetInnerHTML={
                      Object {
                        "__html": "Correct the following nine errors.",
                      }
                    }
                  />
                </div>
                <div
                  className="edits-made"
                >
                  <p>
                    Edits Made: 
                    0
                     of 
                    0
                  </p>
                  <div
                    className="progress-bar-indication"
                  >
                    <span
                      className="meter"
                      style={
                        Object {
                          "width": "0%",
                        }
                      }
                    />
                  </div>
                </div>
              </div>,
            ],
            "className": "inner-header",
          },
          "ref": null,
          "rendered": Array [
            Object {
              "instance": null,
              "key": undefined,
              "nodeType": "host",
              "props": Object {
                "children": "Coney Island",
              },
              "ref": null,
              "rendered": "Coney Island",
              "type": "h1",
            },
            Object {
              "instance": null,
              "key": undefined,
              "nodeType": "host",
              "props": Object {
                "children": Array [
                  <div>
                    <img
                      src="undefined/images/icons/question_icon.svg"
                    />
                    <p
                      dangerouslySetInnerHTML={
                        Object {
                          "__html": "Correct the following nine errors.",
                        }
                      }
                    />
                  </div>,
                  <div
                    className="edits-made"
                  >
                    <p>
                      Edits Made: 
                      0
                       of 
                      0
                    </p>
                    <div
                      className="progress-bar-indication"
                    >
                      <span
                        className="meter"
                        style={
                          Object {
                            "width": "0%",
                          }
                        }
                      />
                    </div>
                  </div>,
                ],
                "className": "instructions",
              },
              "ref": null,
              "rendered": Array [
                Object {
                  "instance": null,
                  "key": undefined,
                  "nodeType": "host",
                  "props": Object {
                    "children": Array [
                      <img
                        src="undefined/images/icons/question_icon.svg"
                      />,
                      <p
                        dangerouslySetInnerHTML={
                          Object {
                            "__html": "Correct the following nine errors.",
                          }
                        }
                      />,
                    ],
                  },
                  "ref": null,
                  "rendered": Array [
                    Object {
                      "instance": null,
                      "key": undefined,
                      "nodeType": "host",
                      "props": Object {
                        "src": "undefined/images/icons/question_icon.svg",
                      },
                      "ref": null,
                      "rendered": null,
                      "type": "img",
                    },
                    Object {
                      "instance": null,
                      "key": undefined,
                      "nodeType": "host",
                      "props": Object {
                        "dangerouslySetInnerHTML": Object {
                          "__html": "Correct the following nine errors.",
                        },
                      },
                      "ref": null,
                      "rendered": null,
                      "type": "p",
                    },
                  ],
                  "type": "div",
                },
                Object {
                  "instance": null,
                  "key": undefined,
                  "nodeType": "host",
                  "props": Object {
                    "children": Array [
                      <p>
                        Edits Made: 
                        0
                         of 
                        0
                      </p>,
                      <div
                        className="progress-bar-indication"
                      >
                        <span
                          className="meter"
                          style={
                            Object {
                              "width": "0%",
                            }
                          }
                        />
                      </div>,
                    ],
                    "className": "edits-made",
                  },
                  "ref": null,
                  "rendered": Array [
                    Object {
                      "instance": null,
                      "key": undefined,
                      "nodeType": "host",
                      "props": Object {
                        "children": Array [
                          "Edits Made: ",
                          0,
                          " of ",
                          0,
                        ],
                      },
                      "ref": null,
                      "rendered": Array [
                        "Edits Made: ",
                        0,
                        " of ",
                        0,
                      ],
                      "type": "p",
                    },
                    Object {
                      "instance": null,
                      "key": undefined,
                      "nodeType": "host",
                      "props": Object {
                        "children": <span
                          className="meter"
                          style={
                            Object {
                              "width": "0%",
                            }
                          }
                        />,
                        "className": "progress-bar-indication",
                      },
                      "ref": null,
                      "rendered": Object {
                        "instance": null,
                        "key": undefined,
                        "nodeType": "host",
                        "props": Object {
                          "className": "meter",
                          "style": Object {
                            "width": "0%",
                          },
                        },
                        "ref": null,
                        "rendered": null,
                        "type": "span",
                      },
                      "type": "div",
                    },
                  ],
                  "type": "div",
                },
              ],
              "type": "div",
            },
          ],
          "type": "div",
        },
        "type": "div",
      },
      undefined,
      undefined,
      Object {
        "instance": null,
        "key": undefined,
        "nodeType": "host",
        "props": Object {
          "children": undefined,
          "className": "passage ",
        },
        "ref": null,
        "rendered": null,
        "type": "div",
      },
      Object {
        "instance": null,
        "key": undefined,
        "nodeType": "host",
        "props": Object {
          "children": <button
            onClick={[Function]}
          >
            Check Work
          </button>,
          "className": "bottom-section",
        },
        "ref": null,
        "rendered": Object {
          "instance": null,
          "key": undefined,
          "nodeType": "host",
          "props": Object {
            "children": "Check Work",
            "onClick": [Function],
          },
          "ref": null,
          "rendered": "Check Work",
          "type": "button",
        },
        "type": "div",
      },
    ],
    "type": "div",
  },
  Symbol(enzyme.__nodes__): Array [
    Object {
      "instance": null,
      "key": undefined,
      "nodeType": "host",
      "props": Object {
        "children": Array [
          <div
            className="header-section"
          >
            <div
              className="inner-header"
            >
              <h1>
                Coney Island
              </h1>
              <div
                className="instructions"
              >
                <div>
                  <img
                    src="undefined/images/icons/question_icon.svg"
                  />
                  <p
                    dangerouslySetInnerHTML={
                      Object {
                        "__html": "Correct the following nine errors.",
                      }
                    }
                  />
                </div>
                <div
                  className="edits-made"
                >
                  <p>
                    Edits Made: 
                    0
                     of 
                    0
                  </p>
                  <div
                    className="progress-bar-indication"
                  >
                    <span
                      className="meter"
                      style={
                        Object {
                          "width": "0%",
                        }
                      }
                    />
                  </div>
                </div>
              </div>
            </div>
          </div>,
          undefined,
          undefined,
          <div
            className="passage "
          />,
          <div
            className="bottom-section"
          >
            <button
              onClick={[Function]}
            >
              Check Work
            </button>
          </div>,
        ],
        "className": "passage-container",
      },
      "ref": null,
      "rendered": Array [
        Object {
          "instance": null,
          "key": undefined,
          "nodeType": "host",
          "props": Object {
            "children": <div
              className="inner-header"
            >
              <h1>
                Coney Island
              </h1>
              <div
                className="instructions"
              >
                <div>
                  <img
                    src="undefined/images/icons/question_icon.svg"
                  />
                  <p
                    dangerouslySetInnerHTML={
                      Object {
                        "__html": "Correct the following nine errors.",
                      }
                    }
                  />
                </div>
                <div
                  className="edits-made"
                >
                  <p>
                    Edits Made: 
                    0
                     of 
                    0
                  </p>
                  <div
                    className="progress-bar-indication"
                  >
                    <span
                      className="meter"
                      style={
                        Object {
                          "width": "0%",
                        }
                      }
                    />
                  </div>
                </div>
              </div>
            </div>,
            "className": "header-section",
          },
          "ref": null,
          "rendered": Object {
            "instance": null,
            "key": undefined,
            "nodeType": "host",
            "props": Object {
              "children": Array [
                <h1>
                  Coney Island
                </h1>,
                <div
                  className="instructions"
                >
                  <div>
                    <img
                      src="undefined/images/icons/question_icon.svg"
                    />
                    <p
                      dangerouslySetInnerHTML={
                        Object {
                          "__html": "Correct the following nine errors.",
                        }
                      }
                    />
                  </div>
                  <div
                    className="edits-made"
                  >
                    <p>
                      Edits Made: 
                      0
                       of 
                      0
                    </p>
                    <div
                      className="progress-bar-indication"
                    >
                      <span
                        className="meter"
                        style={
                          Object {
                            "width": "0%",
                          }
                        }
                      />
                    </div>
                  </div>
                </div>,
              ],
              "className": "inner-header",
            },
            "ref": null,
            "rendered": Array [
              Object {
                "instance": null,
                "key": undefined,
                "nodeType": "host",
                "props": Object {
                  "children": "Coney Island",
                },
                "ref": null,
                "rendered": "Coney Island",
                "type": "h1",
              },
              Object {
                "instance": null,
                "key": undefined,
                "nodeType": "host",
                "props": Object {
                  "children": Array [
                    <div>
                      <img
                        src="undefined/images/icons/question_icon.svg"
                      />
                      <p
                        dangerouslySetInnerHTML={
                          Object {
                            "__html": "Correct the following nine errors.",
                          }
                        }
                      />
                    </div>,
                    <div
                      className="edits-made"
                    >
                      <p>
                        Edits Made: 
                        0
                         of 
                        0
                      </p>
                      <div
                        className="progress-bar-indication"
                      >
                        <span
                          className="meter"
                          style={
                            Object {
                              "width": "0%",
                            }
                          }
                        />
                      </div>
                    </div>,
                  ],
                  "className": "instructions",
                },
                "ref": null,
                "rendered": Array [
                  Object {
                    "instance": null,
                    "key": undefined,
                    "nodeType": "host",
                    "props": Object {
                      "children": Array [
                        <img
                          src="undefined/images/icons/question_icon.svg"
                        />,
                        <p
                          dangerouslySetInnerHTML={
                            Object {
                              "__html": "Correct the following nine errors.",
                            }
                          }
                        />,
                      ],
                    },
                    "ref": null,
                    "rendered": Array [
                      Object {
                        "instance": null,
                        "key": undefined,
                        "nodeType": "host",
                        "props": Object {
                          "src": "undefined/images/icons/question_icon.svg",
                        },
                        "ref": null,
                        "rendered": null,
                        "type": "img",
                      },
                      Object {
                        "instance": null,
                        "key": undefined,
                        "nodeType": "host",
                        "props": Object {
                          "dangerouslySetInnerHTML": Object {
                            "__html": "Correct the following nine errors.",
                          },
                        },
                        "ref": null,
                        "rendered": null,
                        "type": "p",
                      },
                    ],
                    "type": "div",
                  },
                  Object {
                    "instance": null,
                    "key": undefined,
                    "nodeType": "host",
                    "props": Object {
                      "children": Array [
                        <p>
                          Edits Made: 
                          0
                           of 
                          0
                        </p>,
                        <div
                          className="progress-bar-indication"
                        >
                          <span
                            className="meter"
                            style={
                              Object {
                                "width": "0%",
                              }
                            }
                          />
                        </div>,
                      ],
                      "className": "edits-made",
                    },
                    "ref": null,
                    "rendered": Array [
                      Object {
                        "instance": null,
                        "key": undefined,
                        "nodeType": "host",
                        "props": Object {
                          "children": Array [
                            "Edits Made: ",
                            0,
                            " of ",
                            0,
                          ],
                        },
                        "ref": null,
                        "rendered": Array [
                          "Edits Made: ",
                          0,
                          " of ",
                          0,
                        ],
                        "type": "p",
                      },
                      Object {
                        "instance": null,
                        "key": undefined,
                        "nodeType": "host",
                        "props": Object {
                          "children": <span
                            className="meter"
                            style={
                              Object {
                                "width": "0%",
                              }
                            }
                          />,
                          "className": "progress-bar-indication",
                        },
                        "ref": null,
                        "rendered": Object {
                          "instance": null,
                          "key": undefined,
                          "nodeType": "host",
                          "props": Object {
                            "className": "meter",
                            "style": Object {
                              "width": "0%",
                            },
                          },
                          "ref": null,
                          "rendered": null,
                          "type": "span",
                        },
                        "type": "div",
                      },
                    ],
                    "type": "div",
                  },
                ],
                "type": "div",
              },
            ],
            "type": "div",
          },
          "type": "div",
        },
        undefined,
        undefined,
        Object {
          "instance": null,
          "key": undefined,
          "nodeType": "host",
          "props": Object {
            "children": undefined,
            "className": "passage ",
          },
          "ref": null,
          "rendered": null,
          "type": "div",
        },
        Object {
          "instance": null,
          "key": undefined,
          "nodeType": "host",
          "props": Object {
            "children": <button
              onClick={[Function]}
            >
              Check Work
            </button>,
            "className": "bottom-section",
          },
          "ref": null,
          "rendered": Object {
            "instance": null,
            "key": undefined,
            "nodeType": "host",
            "props": Object {
              "children": "Check Work",
              "onClick": [Function],
            },
            "ref": null,
            "rendered": "Check Work",
            "type": "button",
          },
          "type": "div",
        },
      ],
      "type": "div",
    },
  ],
  Symbol(enzyme.__options__): Object {
    "adapter": ReactSixteenAdapter {
      "options": Object {
        "enableComponentDidUpdateOnSetState": true,
        "lifecycles": Object {
          "componentDidUpdate": Object {
            "onSetState": true,
          },
          "getDerivedStateFromProps": true,
          "getSnapshotBeforeUpdate": true,
          "setState": Object {
            "skipsComponentDidUpdateOnNullish": true,
          },
        },
      },
    },
    "attachTo": undefined,
    "hydrateIn": undefined,
  },
}
`;
