// Jest Snapshot v1, https://goo.gl/fbAQLP

exports[`SelectRole component should render 1`] = `
<div
  className="row"
>
  <div
    className="col-xs-2 form-label"
  >
    Role
  </div>
  <div
    className="col-xs-4"
  >
    <select
      onChange={[Function]}
      value="teacher"
    >
      <option
        value="teacher"
      >
        teacher
      </option>
      <option
        value="student"
      >
        student
      </option>
      <option
        value="admin"
      >
        admin
      </option>
      <option
        value="staff"
      >
        staff
      </option>
    </select>
  </div>
  <div
    className="col-xs-4 errors"
  />
</div>
`;
