// Jest Snapshot v1, https://goo.gl/fbAQLP

exports[`GoogleSignUp component should render 1`] = `
<a
  className="google-sign-up"
  href="/auth/google_oauth2?prompt=consent"
>
  <img
    alt="google icon"
    src="/images/google_icon.svg"
  />
  <span>
    Sign up with Google
  </span>
</a>
`;
