// Jest Snapshot v1, https://goo.gl/fbAQLP

exports[`ActivitySearchAndSelect component should render 1`] = `
<section>
  <div
    className="flex-row space-between vertically-centered header-and-link"
  >
    <h1
      className="explore-activities-header"
    >
      Explore Activities & Create Activity Pack
    </h1>
    <a
      className="how-we-grade"
      href="https://support.quill.org/activities-implementation/how-does-grading-work"
    >
      Common Core Standards vs. Studentsâ€™ Levels
      <i
        className="fa fa-long-arrow-right"
      />
    </a>
  </div>
  <activity_search_filters
    activeFilterOn={false}
    clearFilters={[Function]}
    data={
      Array [
        Object {
          "alias": "Filter By Concept",
          "field": "activity_category",
          "options": Array [],
          "selected": null,
        },
        Object {
          "alias": "Filter By Level",
          "field": "section",
          "options": Array [],
          "selected": null,
        },
        Object {
          "alias": "App",
          "field": "activity_classification",
          "options": Array [],
          "selected": null,
        },
      ]
    }
    selectFilterOption={[Function]}
    showAllId="showAllId"
    updateSearchQuery={[Function]}
  />
  <table
    className="table activity-table search-and-select green-rows-on-hover"
  >
    <thead>
      <activity_search_sorts
        sorts={
          Array [
            Object {
              "alias": "Concept",
              "asc_or_desc": "asc",
              "field": "activity_category",
              "selected": false,
              "sortPath": "activity_category.name",
            },
            Object {
              "alias": "Tool",
              "asc_or_desc": "asc",
              "field": "activity_classification_id",
              "selected": false,
              "sortPath": "activity_classification.id",
            },
            Object {
              "alias": "Activity Name",
              "asc_or_desc": "asc",
              "field": "name",
              "selected": false,
              "sortPath": "name",
            },
            Object {
              "alias": "",
              "className": "scorebook-icon-check",
              "field": "checked",
            },
          ]
        }
        updateSort={[Function]}
      />
    </thead>
  </table>
  <loading_indicator />
  <selected_activities
    errorMessage=""
  />
</section>
`;
