// Jest Snapshot v1, https://goo.gl/fbAQLP

exports[`AssignADiagnostic component should render 1`] = `
<div
  className="text-center"
  id="assign-a-diagnostic-page"
>
  <h1>
    Choose which type of diagnostic you'd like to use:
  </h1>
  <div
    className="minis"
  >
    <a
      href="undefined/diagnostic/413/stage/1"
    >
      <assignment_type_mini
        bodyText="Find your students’ writing abilities with a 22 question diagnostic."
        directions="use intermittently"
        img="http://cdn.quill.org/images/shared/diagnostic_icon.svg"
        link="/diagnostic/413/stage/1"
        quantity={1}
        timeDuration="~20 Min."
        title="Sentence Structure Diagnostic"
        unit="Diagnostic"
      />
    </a>
    <a
      href="undefined/diagnostic/ell/stage/2"
    >
      <assignment_type_mini
        bodyText="Find your students’ writing abilities with a 22 question diagnostic for language learners."
        directions="use continuously"
        img="http://cdn.quill.org/images/shared/ell_diagnostic_icon.svg"
        link="/diagnostic/ell/stage/2"
        quantity={1}
        timeDuration="~25 Min."
        title="ELL Diagnostic"
        unit="Diagnostic"
      />
    </a>
    <a>
      <LaunchingSoonMini />
    </a>
  </div>
</div>
`;
