// Jest Snapshot v1, https://goo.gl/fbAQLP

exports[`CreateClass container should render a blank create class form if no class exists in state 1`] = `
<div
  className="create-a-class-page"
>
  <div
    className="create-a-class"
  >
    <div>
      <div
        id="new-classroom"
      >
        <h1>
          Create Your Class
        </h1>
        <p>
          After you create a class, you can create studentsâ€™ accounts or have your students sign up with a class code.
        </p>
        <div
          className="input-row"
        >
          <label
            htmlFor="class-name"
          >
            Class Name:
          </label>
          <input
            id="class-name"
            onChange={[Function]}
            placeholder="e.g. 6th Period ELA"
            type="text"
            value=""
          />
        </div>
        <div
          className="input-row"
        >
          <label
            htmlFor=""
          >
            Grade:
          </label>
          <DropdownButton
            bsStyle="default"
            className={null}
            id="select-grade"
            onSelect={[Function]}
            title="Select Grade"
          >
            <MenuItem
              bsClass="dropdown"
              disabled={false}
              divider={false}
              eventKey={1}
              header={false}
            >
              1st
            </MenuItem>
            <MenuItem
              bsClass="dropdown"
              disabled={false}
              divider={false}
              eventKey={2}
              header={false}
            >
              2nd
            </MenuItem>
            <MenuItem
              bsClass="dropdown"
              disabled={false}
              divider={false}
              eventKey={3}
              header={false}
            >
              3rd
            </MenuItem>
            <MenuItem
              bsClass="dropdown"
              disabled={false}
              divider={false}
              eventKey={4}
              header={false}
            >
              4th
            </MenuItem>
            <MenuItem
              bsClass="dropdown"
              disabled={false}
              divider={false}
              eventKey={5}
              header={false}
            >
              5th
            </MenuItem>
            <MenuItem
              bsClass="dropdown"
              disabled={false}
              divider={false}
              eventKey={6}
              header={false}
            >
              6th
            </MenuItem>
            <MenuItem
              bsClass="dropdown"
              disabled={false}
              divider={false}
              eventKey={7}
              header={false}
            >
              7th
            </MenuItem>
            <MenuItem
              bsClass="dropdown"
              disabled={false}
              divider={false}
              eventKey={8}
              header={false}
            >
              8th
            </MenuItem>
            <MenuItem
              bsClass="dropdown"
              disabled={false}
              divider={false}
              eventKey={9}
              header={false}
            >
              9th
            </MenuItem>
            <MenuItem
              bsClass="dropdown"
              disabled={false}
              divider={false}
              eventKey={10}
              header={false}
            >
              10th
            </MenuItem>
            <MenuItem
              bsClass="dropdown"
              disabled={false}
              divider={false}
              eventKey={11}
              header={false}
            >
              11th
            </MenuItem>
            <MenuItem
              bsClass="dropdown"
              disabled={false}
              divider={false}
              eventKey={12}
              header={false}
            >
              12th
            </MenuItem>
            <MenuItem
              bsClass="dropdown"
              disabled={false}
              divider={false}
              eventKey="University"
              header={false}
            >
              University
            </MenuItem>
            <MenuItem
              bsClass="dropdown"
              disabled={false}
              divider={false}
              eventKey="Other"
              header={false}
            >
              Other
            </MenuItem>
          </DropdownButton>
        </div>
        <div
          className="input-row"
        >
          <label
            htmlFor="classroom_code"
          >
            Class Code:
          </label>
          <input
            className="inactive class-code text-center"
            disabled="true"
            id="classroom_code"
            name="classroom[code]"
            type="text"
            value={null}
          />
        </div>
        <div
          id="regenerate-class-code"
          onClick={[Function]}
        >
          <span>
            <i
              className="fa fa-refresh"
            />
            Regenerate Class Code
          </span>
        </div>
        <button
          className="button-green submit-button"
          onClick={[Function]}
        >
          Create a Class
        </button>
        <h4
          className="errors"
        />
      </div>
      <div
        id="new-google-classroom"
      >
        <h1>
          Google Classroom User? 
          <img
            data-pin-nopin="true"
            src="/images/google_classroom_icon.png"
          />
        </h1>
        <p>
          If you have an account with Google Classroom, you can import all your classes and students to Quill.
        </p>
        <button
          className="button-green"
          onClick={[Function]}
        >
          Import From Google Classroom
        </button>
        <google_classroom_modal
          hideModal={[Function]}
          show={false}
          syncClassrooms={[Function]}
        />
      </div>
    </div>
  </div>
</div>
`;
