// Jest Snapshot v1, https://goo.gl/fbAQLP

exports[`PremiumPricingGuide container should render 1`] = `
<div
  className="container"
  id="premium-pricing-guide"
>
  <div
    className="overview text-center"
  >
    <h1>
      Pricing Guide
    </h1>
    <p>
      Save time grading and gain actionable insights with Quill Premium.
    </p>
  </div>
  <_class />
  <_class />
  <_class />
  <teacher_testimonial />
  <subscriber_logos
    subscribers={
      Array [
        Object {
          "source": "/images/subscribers/1_achievement.png",
        },
        Object {
          "source": "/images/subscribers/2_kipp_sf.png",
        },
        Object {
          "source": "/images/subscribers/3_kipp_dc.png",
        },
        Object {
          "source": "/images/subscribers/4_kipp_la.png",
        },
        Object {
          "source": "/images/subscribers/5_kipp_rocketship.png",
        },
        Object {
          "source": "/images/subscribers/6_houston.png",
        },
        Object {
          "source": "/images/subscribers/7_desmoines.png",
        },
        Object {
          "source": "/images/subscribers/8_richmond.png",
        },
        Object {
          "source": "/images/subscribers/9_putnam.png",
        },
        Object {
          "source": "/images/subscribers/10_elizabeth.png",
        },
        Object {
          "source": "/images/subscribers/11_thurston.png",
        },
        Object {
          "source": "/images/subscribers/12_lead.png",
        },
        Object {
          "source": "/images/subscribers/13_trinity.png",
        },
        Object {
          "source": "/images/subscribers/14_kuemper.png",
        },
        Object {
          "source": "/images/subscribers/15_jodan.png",
        },
        Object {
          "source": "/images/subscribers/16_princeton.png",
        },
      ]
    }
  />
  <p
    className="logo-tag"
  >
    Trusted by some of the best schools in the country.
  </p>
</div>
`;
